// Jest Snapshot v1, https://goo.gl/fbAQLP

exports[`unflatto should unflatten arrays correctly 1`] = `
[
  false,
  null,
  0,
  "",
  undefined,
  NaN,
]
`;

exports[`unflatto should unflatten correctly 1`] = `
{
  "key1": {
    "keyA": "valueI",
  },
  "key2": {
    "keyB": "valueII",
  },
  "key3": {
    "a": {
      "b": {
        "c": 2,
      },
    },
  },
  "key4": [],
  "key5": {
    "a": [
      "value1",
      "value2",
      {
        "key1": {
          "keyA": "valueI",
          "keyB": [
            1,
            2,
            3,
            4,
          ],
        },
      },
    ],
    "b": null,
    "c": undefined,
  },
  "key6": {},
}
`;

exports[`unflatto should unflatten with correct seperator 1`] = `
{
  "key1": {
    "keyA": "valueI",
  },
  "key2": {
    "keyB": "valueII",
  },
  "key3": {
    "a": {
      "b": {
        "c": 2,
      },
    },
  },
  "key4": [],
  "key5": {
    "a": [
      "value1",
      "value2",
      {
        "key1": {
          "keyA": "valueI",
          "keyB": [
            1,
            2,
            3,
            4,
          ],
        },
      },
    ],
    "b": null,
    "c": undefined,
  },
  "key6": {},
}
`;
